// Jest Snapshot v1, https://goo.gl/fbAQLP

exports[`components/Gravatar renders Gravatar 1`] = `
<styled.div
  style={
    Object {
      "height": 50,
      "maxWidth": 50,
      "width": 50,
    }
  }
>
  <styled.img
    alt="Name"
    src="https://www.gravatar.com/avatar/md5&s=50"
  />
</styled.div>
`;
